Warning: Ignoring extra certs from `/root/.ccr/ca-bundle.crt`, load failed: error:8000000D:system library::Permission denied
Warning: Ignoring extra certs from `/root/.ccr/ca-bundle.crt`, load failed: error:8000000D:system library::Permission denied

 RUN  v4.1.11 /home/user/-erp-garment-ux

 ❯ tests/cp7/families/f04-supply-exhausted.test.ts (6 tests) 305385ms

⎯⎯⎯⎯⎯⎯ Failed Suites 1 ⎯⎯⎯⎯⎯⎯⎯

 FAIL  tests/cp7/families/f04-supply-exhausted.test.ts [ tests/cp7/families/f04-supply-exhausted.test.ts ]
Error: Hook timed out in 10000ms.
If this is a long-running hook, pass a timeout value as the last argument or configure it globally with "hookTimeout".
 ❯ tests/cp7/families/f04-supply-exhausted.test.ts:22:1
     20|
     21| beforeAll(async () => { db = await openRuntime({ commandTimeoutMs: 600…
     22| afterAll(async () => { await db?.close() })
       | ^
     23|
     24| describe('PL-8 exhausted cutting groups leave the global supply source…

⎯⎯⎯⎯⎯⎯⎯⎯⎯⎯⎯⎯⎯⎯⎯⎯⎯⎯⎯⎯⎯⎯⎯⎯[1/1]⎯


 Test Files  1 failed | 1 passed (2)
      Tests  9 passed (9)
   Start at  13:15:15
   Duration  307.47s (transform 1.22s, setup 0ms, import 1.94s, tests 571.49s, environment 0ms)

exit 1
