npm warn Unknown env config "http-proxy". This will stop working in the next major version of npm.

 RUN  v4.1.11 /workspace/scratch/9442228ed2dc/erp-writer

 ❯ src/nativeAnalysisPages.test.ts (8 tests | 1 failed) 245ms
   × a run without per-target items has a header and no page; its identity is the header hash alone; any page index is refused 10ms

⎯⎯⎯⎯⎯⎯⎯ Failed Tests 1 ⎯⎯⎯⎯⎯⎯⎯

 FAIL  src/nativeAnalysisPages.test.ts > a run without per-target items has a header and no page; its identity is the header hash alone; any page index is refused
AssertionError: expected 'e7d1e58ecfef7f0e5d2afdd3e01e6fb00e8aa…' to be '7aca93a13c09f125a2b492c8f8110023a2c12…' // Object.is equality

Expected: "7aca93a13c09f125a2b492c8f8110023a2c12f0e3ac745ffbaef3478c0448efb"
Received: "e7d1e58ecfef7f0e5d2afdd3e01e6fb00e8aa93e74c3acb511c1493d34b05b2e"

 ❯ src/nativeAnalysisPages.test.ts:109:112
    107| it('a run without per-target items has a header and no page; its ident…
    108|  const s=await stagedRun({targets:0})
    109|  const m=await parseAnalysisPageSet(s.pageSet,s.runId,null);expect(m.p…
       |                                                                                                                ^
    110|  await expect(parseAnalysisPage({},m,{} as never,0)).rejects.toThrow('…
    111|  await expect(parseAnalysisPageSet(await reidentified({...s.pageSet,pa…

⎯⎯⎯⎯⎯⎯⎯⎯⎯⎯⎯⎯⎯⎯⎯⎯⎯⎯⎯⎯⎯⎯⎯⎯[1/1]⎯


 Test Files  1 failed | 144 passed (145)
      Tests  1 failed | 1466 passed (1467)
   Start at  14:39:16
   Duration  23.16s (transform 12.51s, setup 0ms, import 28.18s, tests 70.17s, environment 35.06s)

