{
  r: {
    bad: [],
    job: 'DONE',
    rows: 9,
    same: true,
    bytes: 127123,
    edges: 0,
    paged: {
      actions: [Object],
      metrics: [Object],
      timeline: [Object],
      assumptions: [Object],
      demand_models: [Object],
      material_needs: [Object],
      recommendations: [Object]
    },
    pages: 1,
    state: 'DONE',
    units: {
      PAGES: 1,
      ANA_META: 1,
      NET_PLAN: 1,
      NET_PREP: 1,
      NET_ROWS: 1,
      SCENARIO: 1,
      HIST_PREP: 1,
      NET_PAIRS: 1,
      ALLOC_PREP: 1,
      ALLOC_STEP: 1,
      PAGE_INDEX: 1,
      ALLOC_FINAL: 1,
      ANA_TARGETS: 1,
      FABRIC_PLAN: 1,
      NET_TARGETS: 1
    },
    single: 'DONE',
    failure: null,
    targets: 9,
    page_set: true,
    confirmed: 0,
    hash_same: true,
    text_same: true,
    allocation: 'SCENARIO',
    single_code: null,
    header_bytes: 9448,
    document_same: true,
    identity_hash: '0444fe211328c80199c7f14e558bc70c392a091fe8302b6d418b1674c65dcc40',
    semantic_hash: '4a7a76c487abf85af9530f586983ea587037e2ae2e4014a07fd5a68d0b4614be',
    analysis_bytes: 127123,
    max_page_bytes: 119955,
    min_page_bytes: 119955,
    allocation_same: true,
    failure_message: null,
    recommendations: 9,
    single_sqlstate: null,
    netting_rows_same: true,
    match_results_same: true
  }
}
