{
  r: {
    bad: [ 'header_binding' ],
    job: 'DONE',
    rows: 14,
    same: true,
    bytes: 980301,
    edges: 1,
    units: {
      PAGES: 1,
      SUPPLY: 1,
      ANA_META: 1,
      NET_PLAN: 1,
      NET_PREP: 1,
      NET_ROWS: 2,
      SCENARIO: 1,
      BASE_ROWS: 2,
      HIST_PREP: 1,
      HIST_ROWS: 3,
      NET_PAIRS: 6,
      ALLOC_PREP: 1,
      ALLOC_STEP: 4,
      HIST_STOCK: 3,
      PAGE_INDEX: 1,
      ALLOC_FINAL: 1,
      ANA_TARGETS: 2,
      FABRIC_PLAN: 1,
      HIST_EVENTS: 6,
      NET_TARGETS: 2,
      HIST_VALIDATE: 1
    },
    single: 'DONE',
    failure: [ null, [Object] ],
    confirmed: 1,
    text_same: true,
    allocation: 'SCENARIO',
    candidates: 2,
    failed_kind: null,
    events_clean: true,
    history_rows: 14,
    document_same: true,
    scenario_same: true,
    accessory_rows: 20,
    fabric_numbers: 0,
    scenario_state: 'DONE',
    single_message: null,
    allocation_same: true,
    recommendations: 14,
    single_sqlstate: null,
    fabric_plan_same: true,
    scenario_message: null,
    netting_rows_same: true,
    scenario_sqlstate: null,
    availability_clean: true,
    match_results_same: true
  }
}
