npm warn Unknown env config "http-proxy". This will stop working in the next major version of npm.

 RUN  v4.1.11 /workspace/scratch/9442228ed2dc/erp-writer

stdout | tests/cp7/families/f05-staged-api.test.ts > P19 real scenario status is accepted by the frontend at every unit; sales and pairs are not target progress
{"s":{"stage":"SCENARIO","state":"FAILED","run_id":null,"failure":{"code":"CP7_ANALYSIS_STAGE_ERROR","unit":24,"sqlstate":"42501"},"reference":{"captured_at":"2026-10-07T03:00:00+00:00","source_hash":"0700fd69fca18d3189b9f99e62e4dc08bd43cab07675bdb6ae0b1efeb2772e0d"},"plan_final":false,"request_id":"03000000-0000-4000-8000-000000000004","unit_count":26,"units_done":24,"stage_count":9,"stage_index":8,"apply_enabled":false,"production_go":false,"targets_total":20,"unit_attempts":0,"contract_version":"cp7.native-analysis-staged-job.v1","last_progress_at":"2026-10-07T18:52:58.189+00:00","targets_done_in_stage":0},"details":[{"failure_message":"permission denied for function remaining_eta"}]}

 ❯ tests/cp7/families/f05-staged-api.test.ts (3 tests | 1 failed | 2 skipped) 2461ms
   × P19 real scenario status is accepted by the frontend at every unit; sales and pairs are not target progress 2459ms

⎯⎯⎯⎯⎯⎯⎯ Failed Tests 1 ⎯⎯⎯⎯⎯⎯⎯

 FAIL  tests/cp7/families/f05-staged-api.test.ts > P19 real scenario status is accepted by the frontend at every unit; sales and pairs are not target progress
AssertionError: expected 'FAILED' to be 'DONE' // Object.is equality

Expected: "DONE"
Received: "FAILED"

 ❯ tests/cp7/families/f05-staged-api.test.ts:86:53
     84|   }
     85|   if(s.state!=='DONE')console.log(JSON.stringify({s,details:await db.q…
     86|   expect(events).toBeGreaterThan(5);expect(s.state).toBe('DONE')
       |                                                     ^
     87|  }finally{await db.close()}
     88| },900000)

⎯⎯⎯⎯⎯⎯⎯⎯⎯⎯⎯⎯⎯⎯⎯⎯⎯⎯⎯⎯⎯⎯⎯⎯[1/1]⎯


 Test Files  1 failed (1)
      Tests  1 failed | 2 skipped (3)
   Start at  14:52:55
   Duration  2.85s (transform 197ms, setup 0ms, import 244ms, tests 2.46s, environment 0ms)

