Warning: Ignoring extra certs from `/root/.ccr/ca-bundle.crt`, load failed: error:8000000D:system library::Permission denied
Warning: Ignoring extra certs from `/root/.ccr/ca-bundle.crt`, load failed: error:8000000D:system library::Permission denied

 RUN  v4.1.11 /home/user/s5k-wt

ERROR:  CP7_ANALYSIS_REQUEST_CHANGED
CONTEXT:  PL/pgSQL function cp7_analysis_jobs.request(jsonb,uuid,text) line 10 at RAISE
SQL function "erp_cp7_request_analysis_job_v1" statement 1
ERROR:  CP7_ANALYSIS_ACCESS_CHANGED
CONTEXT:  PL/pgSQL function cp7_analysis_jobs.segment(uuid,integer,text) line 7 at RAISE
SQL function "erp_cp7_read_analysis_segment_v1" statement 1
ERROR:  CP7_ANALYSIS_ACCESS_CHANGED
CONTEXT:  PL/pgSQL function cp7_analysis_jobs.segment(uuid,integer,text) line 7 at RAISE
SQL function "erp_cp7_read_analysis_segment_v1" statement 1
ERROR:  CP7_ANALYSIS_RUN_UNAVAILABLE
CONTEXT:  PL/pgSQL function cp7_analysis_jobs.segment(uuid,integer,text) line 10 at RAISE
SQL function "erp_cp7_read_analysis_segment_v1" statement 1
ERROR:  CP7_ANALYSIS_RUN_UNAVAILABLE
CONTEXT:  PL/pgSQL function cp7_analysis_jobs.manifest(uuid) line 6 at RAISE
SQL function "erp_cp7_read_analysis_manifest_v1" statement 1
ERROR:  CP7_ANALYSIS_SEGMENT_UNAVAILABLE
CONTEXT:  PL/pgSQL function cp7_analysis_jobs.segment(uuid,integer,text) line 14 at RAISE
SQL function "erp_cp7_read_analysis_segment_v1" statement 1
ERROR:  CP7_ACCESS_DENIED
CONTEXT:  PL/pgSQL function cp7_schedule_native.access_now(boolean) line 3 at RAISE
PL/pgSQL function cp7_analysis_jobs.get(uuid) line 5 at assignment
SQL function "erp_cp7_get_analysis_job_v1" statement 1
ERROR:  CP7_ANALYSIS_REQUEST_CHANGED
CONTEXT:  PL/pgSQL function cp7_analysis_jobs.request(jsonb,uuid,text) line 10 at RAISE
SQL function "erp_cp7_request_analysis_job_v1" statement 1
ERROR:  CP7_ANALYSIS_JOB_UNAVAILABLE
CONTEXT:  PL/pgSQL function cp7_analysis_jobs.run(uuid) line 11 at RAISE
SQL function "erp_cp7_run_analysis_job_v1" statement 1
ERROR:  CP7_ANALYSIS_REQUEST_CHANGED
CONTEXT:  PL/pgSQL function cp7_analysis_jobs.request(jsonb,uuid,text) line 10 at RAISE
SQL function "erp_cp7_request_analysis_job_v1" statement 1
ERROR:  CP7_ANALYSIS_REQUEST_CHANGED
CONTEXT:  PL/pgSQL function cp7_analysis_jobs.request(jsonb,uuid,text) line 10 at RAISE
SQL function "erp_cp7_request_operational_analysis_job_v1" statement 1
ERROR:  CP7_ANALYSIS_REQUEST_CHANGED
CONTEXT:  PL/pgSQL function cp7_analysis_jobs.request(jsonb,uuid,text) line 10 at RAISE
SQL function "erp_cp7_request_operational_analysis_job_v1" statement 1
ERROR:  CP7_RUN_IMMUTABLE
CONTEXT:  PL/pgSQL function cp7_private.immutable_run() line 2 at RAISE
ERROR:  CP7_RUN_IMMUTABLE
CONTEXT:  PL/pgSQL function cp7_private.immutable_run() line 2 at RAISE

 Test Files  1 passed (1)
      Tests  1 passed (1)
   Start at  16:48:09
   Duration  8.64s (transform 138ms, setup 0ms, import 368ms, tests 7.95s, environment 0ms)

exit 0
