Warning: Ignoring extra certs from `/root/.ccr/ca-bundle.crt`, load failed: error:8000000D:system library::Permission denied
Warning: Ignoring extra certs from `/root/.ccr/ca-bundle.crt`, load failed: error:8000000D:system library::Permission denied

 RUN  v4.1.11 /tmp/p19bench/s5kD/repo

ERROR:  CP7_ANALYSIS_ACCESS_CHANGED
CONTEXT:  PL/pgSQL function cp7_analysis_jobs.page(uuid,integer,text) line 7 at RAISE
SQL function "erp_cp7_read_analysis_page_v1" statement 1
ERROR:  CP7_ANALYSIS_ACCESS_CHANGED
CONTEXT:  PL/pgSQL function cp7_analysis_jobs.page(uuid,integer,text) line 7 at RAISE
SQL function "erp_cp7_read_analysis_page_v1" statement 1
ERROR:  CP7_ANALYSIS_RUN_UNAVAILABLE
CONTEXT:  PL/pgSQL function cp7_analysis_jobs.page(uuid,integer,text) line 10 at RAISE
SQL function "erp_cp7_read_analysis_page_v1" statement 1
ERROR:  CP7_ANALYSIS_RUN_UNAVAILABLE
CONTEXT:  PL/pgSQL function cp7_analysis_jobs.pages_manifest(uuid) line 6 at RAISE
SQL function "erp_cp7_read_analysis_pages_v1" statement 1
ERROR:  CP7_ANALYSIS_PAGE_UNAVAILABLE
CONTEXT:  PL/pgSQL function cp7_analysis_jobs.page(uuid,integer,text) line 15 at RAISE
SQL function "erp_cp7_read_analysis_page_v1" statement 1
ERROR:  CP7_ANALYSIS_PAGE_UNAVAILABLE
CONTEXT:  PL/pgSQL function cp7_analysis_jobs.page(uuid,integer,text) line 15 at RAISE
SQL function "erp_cp7_read_analysis_page_v1" statement 1
ERROR:  CP7_ACCESS_DENIED
CONTEXT:  PL/pgSQL function cp7_schedule_native.access_now(boolean) line 3 at RAISE
PL/pgSQL function cp7_analysis_jobs.pages_manifest(uuid) line 5 at assignment
SQL function "erp_cp7_read_analysis_pages_v1" statement 1
ERROR:  CP7_ANALYSIS_FINANCE_ACCESS_DENIED
CONTEXT:  PL/pgSQL function cp7_analysis_jobs.pages_manifest(uuid) line 9 at RAISE
SQL function "erp_cp7_read_analysis_pages_v1" statement 1
ERROR:  CP7_ANALYSIS_PAGES_UNAVAILABLE
CONTEXT:  PL/pgSQL function cp7_analysis_jobs.pages_manifest(uuid) line 16 at RAISE
SQL function "erp_cp7_read_analysis_pages_v1" statement 1
ERROR:  CP7_ANALYSIS_PAGES_UNAVAILABLE
CONTEXT:  PL/pgSQL function cp7_analysis_jobs.page(uuid,integer,text) line 13 at RAISE
SQL function "erp_cp7_read_analysis_page_v1" statement 1
 ❯ tests/cp7/families/f05-staged-pages.test.ts (2 tests | 1 failed) 140577ms
   × P19 page readers: segment-equal access epoch and actor/run binding, whole reads of a paged run refused, privileges, immutability 4126ms

⎯⎯⎯⎯⎯⎯⎯ Failed Tests 1 ⎯⎯⎯⎯⎯⎯⎯

 FAIL  tests/cp7/families/f05-staged-pages.test.ts > P19 page readers: segment-equal access epoch and actor/run binding, whole reads of a paged run refused, privileges, immutability
AssertionError: expected 'UNCHANGED' to be 'ARCHIVED_STALE' // Object.is equality

Expected: "ARCHIVED_STALE"
Received: "UNCHANGED"

 ❯ tests/cp7/families/f05-staged-pages.test.ts:262:120
    260|     await refused(ACTOR, `public.erp_cp7_read_analysis_pages_v1('${pla…
    261|     await refused(ACTOR, `public.erp_cp7_read_analysis_page_v1('${plai…
    262|     expect((await call(ACTOR, `public.erp_cp7_read_analysis_pages_v1('…
       |                                                                                                                        ^
    263|     // Whole reads: the paged run is refused by name (after the actor …
    264|     // a run without pages keeps the unchanged manifest; segments stil…

⎯⎯⎯⎯⎯⎯⎯⎯⎯⎯⎯⎯⎯⎯⎯⎯⎯⎯⎯⎯⎯⎯⎯⎯[1/1]⎯


 Test Files  1 failed (1)
      Tests  1 failed | 1 passed (2)
   Start at  14:04:40
   Duration  141.10s (transform 290ms, setup 0ms, import 341ms, tests 140.58s, environment 0ms)


real	2m22.312s
user	0m3.796s
sys	0m2.259s
