Warning: Ignoring extra certs from `/root/.ccr/ca-bundle.crt`, load failed: error:8000000D:system library::Permission denied
Warning: Ignoring extra certs from `/root/.ccr/ca-bundle.crt`, load failed: error:8000000D:system library::Permission denied

 RUN  v4.1.11 /tmp/p19bench/s5kB/repo

stdout | tests/cp7/families/f05-staged-scenario.test.ts > P19 staged scenario units equal the single chain byte for byte, including the first refusal
{"cases":216,"done":101,"refused":115,"allocated":24,"edges":15,"confirmed":224,"candidates":188,"fabric_numbers":35,"accessory_rows":2119,"events_unclean_done":3,"availability_unclean_done":3,"multi":{"NET_ROWS":94,"BASE_ROWS":101,"NET_PAIRS":94,"ALLOC_STEP":34,"HIST_STOCK":101,"ANA_TARGETS":94,"HIST_EVENTS":98,"NET_TARGETS":94,"HIST_ROWS":76,"DOC_SEGMENTS":76},"refusals_by_unit":{"HIST_PREP":["P0001:CP7_PLANNING_CAPTURE_INCOMPLETE","P0001:CP7_F04_INSTANT_UTC","P0001:CP7_DEMAND_COMPLETE_DAYS_REQUIRED","22008:date/time field value out of range: \"2026-13-01T00:00:00Z\"","22007:invalid input syntax for type timestamp with time zone: \"tomorrow-ish\"","22007:invalid input syntax for type timestamp with time zone: \"not-a-time\"","22P02:invalid input syntax for type numeric: \"1x\"","22P02:invalid input syntax for type numeric: \"r2\"","22007:invalid input syntax for type timestamp with time zone: \"also-bad\"","P0001:CP7_DEMAND_POLICY"],"HIST_VALIDATE":["P0001:CP7_DEMAND_DUPLICATE_TARGET","22023:CP7_WIP_KEY","P0001:CP7_DEMAND_REVISION_CONFLICT","P0001:CP7_DEMAND_TARGET_SIZE","P0001:CP7_DEMAND_LIFECYCLE"],"HIST_STOCK":["P0001:CP7_PLANNING_NATIVE_RESERVATION_MISMATCH","22023:CP7_WIP_PCS"],"ANA_TARGETS":["21000:more than one row returned by a subquery used as an expression","22023:cannot extract elements from a scalar"],"BASE_ROWS":["21000:more than one row returned by a subquery used as an expression","22023:cannot extract elements from a scalar","22023:CP7_F04_DECIMAL","P0001:CP7_DEMAND_MINIMUM_DAYS","22023:cannot extract elements from an object"],"SUPPLY":["P0001:CP7_WIP_TRANSITION_QUANTITY","22023:cannot extract elements from an object","22023:CP7_WIP_KEY","22007:invalid input syntax for type timestamp with time zone: \"not-a-time\""],"SCENARIO":["21000:more than one row returned by a subquery used as an expression","P0001:CP7_WIP_YIELD_POLICY","P0001:CP7_F04_INSTANT_UTC"],"NET_PREP":["P0001:CP7_NETTING_NATIVE_PRODUCT_MISSING","21000:more than one row returned by a subquery used as an expression","P0001:CP7_NETTING_NATIVE_SOURCE_SIZE"],"FABRIC_PLAN":["22P02:invalid input syntax for type numeric: \"1,5\""]},"distinct_refusals":35}

 ❯ tests/cp7/families/f05-staged-scenario.test.ts (3 tests | 1 failed) 597850ms
   × P19 staged scenario units equal the single chain byte for byte, including the first refusal 215904ms

⎯⎯⎯⎯⎯⎯⎯ Failed Tests 1 ⎯⎯⎯⎯⎯⎯⎯

 FAIL  tests/cp7/families/f05-staged-scenario.test.ts > P19 staged scenario units equal the single chain byte for byte, including the first refusal
AssertionError: expected 101 to be greater than or equal to 120
 ❯ tests/cp7/families/f05-staged-scenario.test.ts:85:24
     83|     expect(refusals.get('SCENARIO')).toContain('P0001:CP7_WIP_YIELD_PO…
     84|     expect(refusals.get('SCENARIO')).toContain('21000:more than one ro…
     85|     expect(stats.done).toBeGreaterThanOrEqual(120); expect(stats.alloc…
       |                        ^
     86|     expect(stats.confirmed).toBeGreaterThan(50); expect(stats.candidat…
     87|     expect(stats.events_unclean_done).toBeGreaterThanOrEqual(2); expec…

⎯⎯⎯⎯⎯⎯⎯⎯⎯⎯⎯⎯⎯⎯⎯⎯⎯⎯⎯⎯⎯⎯⎯⎯[1/1]⎯


 Test Files  1 failed (1)
      Tests  1 failed | 2 passed (3)
   Start at  14:29:53
   Duration  598.43s (transform 283ms, setup 0ms, import 349ms, tests 597.85s, environment 0ms)

EXIT 1
